
Welcome to Gradle 8.11.1!

Here are the highlights of this release:
 - Parallel load and store for Configuration Cache
 - Java compilation errors at the end of the build output
 - Consolidated report for warnings and deprecations

For more details see https://docs.gradle.org/8.11.1/release-notes.html

To honour the JVM settings for this build a single-use Daemon process will be forked. For more on this, please refer to https://docs.gradle.org/8.11.1/userguide/gradle_daemon.html#sec:disabling_the_daemon in the Gradle documentation.

FAILURE: Build failed with an exception.

* What went wrong:
Could not receive a message from the daemon.

* Try:
> Run with --info or --debug option to get more log output.
> Run with --scan to get full insights.
> Get more help at https://help.gradle.org.

* Exception is:
org.gradle.launcher.daemon.client.DaemonConnectionException: Could not receive a message from the daemon.
	at org.gradle.launcher.daemon.client.DaemonClientConnection.receive(DaemonClientConnection.java:88)
	at org.gradle.launcher.daemon.client.DaemonClient.executeBuild(DaemonClient.java:189)
	at org.gradle.launcher.daemon.client.SingleUseDaemonClient.execute(SingleUseDaemonClient.java:63)
	at org.gradle.launcher.daemon.client.SingleUseDaemonClient.execute(SingleUseDaemonClient.java:37)
	at org.gradle.launcher.cli.RunBuildAction.run(RunBuildAction.java:56)
	at org.gradle.internal.Actions$RunnableActionAdapter.execute(Actions.java:167)
	at org.gradle.launcher.cli.DefaultCommandLineActionFactory$ParseAndBuildAction.execute(DefaultCommandLineActionFactory.java:370)
	at org.gradle.launcher.cli.DefaultCommandLineActionFactory$ParseAndBuildAction.execute(DefaultCommandLineActionFactory.java:334)
	at org.gradle.launcher.cli.DebugLoggerWarningAction.execute(DebugLoggerWarningAction.java:74)
	at org.gradle.launcher.cli.DebugLoggerWarningAction.execute(DebugLoggerWarningAction.java:30)
	at org.gradle.launcher.cli.WelcomeMessageAction.execute(WelcomeMessageAction.java:97)
	at org.gradle.launcher.cli.WelcomeMessageAction.execute(WelcomeMessageAction.java:40)
	at org.gradle.launcher.cli.NativeServicesInitializingAction.execute(NativeServicesInitializingAction.java:50)
	at org.gradle.launcher.cli.NativeServicesInitializingAction.execute(NativeServicesInitializingAction.java:27)
	at org.gradle.launcher.cli.ExceptionReportingAction.execute(ExceptionReportingAction.java:41)
	at org.gradle.launcher.cli.ExceptionReportingAction.execute(ExceptionReportingAction.java:26)
	at org.gradle.launcher.cli.DefaultCommandLineActionFactory$WithLogging.execute(DefaultCommandLineActionFactory.java:482)
	at org.gradle.launcher.Main.doAction(Main.java:35)
	at org.gradle.launcher.bootstrap.EntryPoint.run(EntryPoint.java:52)
	at java.base/jdk.internal.reflect.NativeMethodAccessorImpl.invoke0(Native Method)
	at java.base/jdk.internal.reflect.NativeMethodAccessorImpl.invoke(NativeMethodAccessorImpl.java:77)
	at java.base/jdk.internal.reflect.DelegatingMethodAccessorImpl.invoke(DelegatingMethodAccessorImpl.java:43)
	at java.base/java.lang.reflect.Method.invoke(Method.java:568)
	at org.gradle.launcher.bootstrap.ProcessBootstrap.runNoExit(ProcessBootstrap.java:72)
	at org.gradle.launcher.bootstrap.ProcessBootstrap.run(ProcessBootstrap.java:39)
	at org.gradle.launcher.GradleMain.main(GradleMain.java:31)
Caused by: org.gradle.internal.remote.internal.MessageIOException: Could not read message from '/127.0.0.1:42137'.
	at org.gradle.internal.remote.internal.inet.SocketConnection.receive(SocketConnection.java:99)
	at org.gradle.launcher.daemon.client.DaemonClientConnection.receive(DaemonClientConnection.java:82)
	... 25 more
Caused by: java.lang.IllegalArgumentException: Unexpected type tag 109 found.
	at org.gradle.internal.serialize.DefaultSerializerRegistry$TaggedTypeSerializer.read(DefaultSerializerRegistry.java:162)
	at org.gradle.internal.serialize.Serializers$StatefulSerializerAdapter$1.read(Serializers.java:36)
	at org.gradle.internal.remote.internal.inet.SocketConnection.receive(SocketConnection.java:86)
	... 26 more

EXIT:1
